Copyright 1986-2019 Xilinx, Inc. All Rights Reserved.
-----------------------------------------------------------------------------------------
| Tool Version : Vivado v.2019.2 (win64) Build 2708876 Wed Nov  6 21:40:23 MST 2019
| Date         : Tue Sep 15 01:13:51 2026
| Host         : FAST running 64-bit major release  (build 9200)
| Command      : report_control_sets -verbose -file soc_lite_top_control_sets_placed.rpt
| Design       : soc_lite_top
| Device       : xc7a200t
-----------------------------------------------------------------------------------------

Control Set Information

Table of Contents
-----------------
1. Summary
2. Histogram
3. Flip-Flop Distribution
4. Detailed Control Set Information

1. Summary
----------

+----------------------------------------------------------+-------+
|                          Status                          | Count |
+----------------------------------------------------------+-------+
| Total control sets                                       |    36 |
|    Minimum number of control sets                        |    36 |
|    Addition due to synthesis replication                 |     0 |
|    Addition due to physical synthesis replication        |     0 |
| Unused register locations in slices containing registers |    92 |
+----------------------------------------------------------+-------+
* Control sets can be merged at opt_design using control_set_merge or merge_equivalent_drivers
** Run report_qor_suggestions for automated merging and remapping suggestions


2. Histogram
------------

+--------------------+-------+
|       Fanout       | Count |
+--------------------+-------+
| Total control sets |    36 |
| >= 0 to < 4        |     2 |
| >= 4 to < 6        |     4 |
| >= 6 to < 8        |     1 |
| >= 8 to < 10       |     1 |
| >= 10 to < 12      |     0 |
| >= 12 to < 14      |     1 |
| >= 14 to < 16      |     0 |
| >= 16              |    27 |
+--------------------+-------+
* Control sets can be remapped at either synth_design or opt_design


3. Flip-Flop Distribution
-------------------------

+--------------+-----------------------+------------------------+-----------------+--------------+
| Clock Enable | Synchronous Set/Reset | Asynchronous Set/Reset | Total Registers | Total Slices |
+--------------+-----------------------+------------------------+-----------------+--------------+
| No           | No                    | No                     |             228 |           89 |
| No           | No                    | Yes                    |               0 |            0 |
| No           | Yes                   | No                     |             144 |           40 |
| Yes          | No                    | No                     |              49 |           21 |
| Yes          | No                    | Yes                    |               0 |            0 |
| Yes          | Yes                   | No                     |             831 |          325 |
+--------------+-----------------------+------------------------+-----------------+--------------+


4. Detailed Control Set Information
-----------------------------------

+-----------------------------+-----------------------------------+------------------------+------------------+----------------+
|         Clock Signal        |           Enable Signal           |    Set/Reset Signal    | Slice Load Count | Bel Load Count |
+-----------------------------+-----------------------------------+------------------------+------------------+----------------+
|  pll.clk_pll/inst/cpu_clk   | u_confreg/step1_sample            | u_confreg/SR[0]        |                1 |              1 |
|  pll.clk_pll/inst/cpu_clk   | u_confreg/step0_sample            | u_confreg/SR[0]        |                1 |              1 |
|  pll.clk_pll/inst/cpu_clk   | cpu/p_3_in                        | cpu/idex_dest[1]       |                2 |              4 |
|  pll.clk_pll/inst/cpu_clk   |                                   | cpu/reset              |                3 |              4 |
|  pll.clk_pll/inst/cpu_clk   |                                   | u_confreg/state_count0 |                1 |              4 |
|  pll.clk_pll/inst/cpu_clk   | cpu/ena                           |                        |                1 |              4 |
|  pll.clk_pll/inst/cpu_clk   | u_confreg/p_0_in_1                | u_confreg/SR[0]        |                2 |              6 |
|  pll.clk_pll/inst/cpu_clk   | cpu/virtual_uart_data[7]_i_3_0[0] | u_confreg/SR[0]        |                3 |              8 |
|  pll.clk_pll/inst/cpu_clk   | cpu/E[0]                          |                        |                9 |             13 |
|  pll.clk_pll/inst/cpu_clk   |                                   | u_confreg/step1_count0 |                5 |             20 |
|  pll.clk_pll/inst/cpu_clk   |                                   | u_confreg/key_count0   |                5 |             20 |
|  pll.clk_pll/inst/cpu_clk   |                                   | u_confreg/step0_count0 |                5 |             20 |
|  pll.clk_pll/inst/cpu_clk   | cpu/cr7[31]_i_2_0[0]              | u_confreg/SR[0]        |               16 |             32 |
|  pll.clk_pll/inst/cpu_clk   | cpu/cr0[31]_i_4_0[0]              | u_confreg/SR[0]        |               11 |             32 |
|  pll.clk_pll/inst/cpu_clk   | cpu/cr6[31]_i_2_0[0]              | u_confreg/SR[0]        |               14 |             32 |
|  pll.clk_pll/inst/cpu_clk   | cpu/cr5[31]_i_2_0[0]              | u_confreg/SR[0]        |               15 |             32 |
|  pll.clk_pll/inst/cpu_clk   | cpu/cr1[31]_i_3_0[0]              | u_confreg/SR[0]        |               10 |             32 |
|  pll.clk_pll/inst/cpu_clk   | cpu/cpu_resetn_reg[0]             |                        |               11 |             32 |
|  pll.clk_pll/inst/timer_clk |                                   | u_confreg/SR[0]        |                8 |             32 |
|  pll.clk_pll/inst/cpu_clk   | cpu/cr3[31]_i_3_0[0]              | u_confreg/SR[0]        |               14 |             32 |
|  pll.clk_pll/inst/cpu_clk   | cpu/idex_mem_we_reg_0[0]          | u_confreg/SR[0]        |               12 |             32 |
|  pll.clk_pll/inst/cpu_clk   | cpu/cr4[31]_i_3_1[0]              | u_confreg/SR[0]        |               14 |             32 |
|  pll.clk_pll/inst/cpu_clk   | cpu/cr2[31]_i_2_0[0]              | u_confreg/SR[0]        |               12 |             32 |
|  pll.clk_pll/inst/cpu_clk   | cpu/cr4[31]_i_3_0[0]              | u_confreg/SR[0]        |                8 |             32 |
|  pll.clk_pll/inst/cpu_clk   | cpu/led_rg0_data[31]_i_3_1[0]     | u_confreg/SR[0]        |               11 |             34 |
|  pll.clk_pll/inst/cpu_clk   | cpu/led_data[31]_i_7_0[0]         | u_confreg/SR[0]        |               13 |             34 |
|  pll.clk_pll/inst/cpu_clk   | cpu/ms_valid                      | cpu/reset              |               14 |             37 |
|  pll.clk_pll/inst/cpu_clk   | cpu/es_valid                      | cpu/reset              |               12 |             37 |
|  pll.clk_pll/inst/cpu_clk   |                                   | u_confreg/SR[0]        |               13 |             44 |
|  pll.clk_pll/inst/cpu_clk   | cpu/led_data[31]_i_7_1[0]         | u_confreg/SR[0]        |               18 |             48 |
|  pll.clk_pll/inst/cpu_clk   | cpu/led_rg0_data[31]_i_3_0[0]     | u_confreg/SR[0]        |               34 |             64 |
|  pll.clk_pll/inst/timer_clk |                                   |                        |               17 |             67 |
|  pll.clk_pll/inst/cpu_clk   | cpu/u_regfile/memwb_gr_we_reg     |                        |               12 |             96 |
|  pll.clk_pll/inst/cpu_clk   | cpu/p_3_in                        | cpu/reset              |               43 |            108 |
|  pll.clk_pll/inst/cpu_clk   | cpu/E[0]                          | cpu/reset              |               45 |            129 |
|  pll.clk_pll/inst/cpu_clk   |                                   |                        |               72 |            161 |
+-----------------------------+-----------------------------------+------------------------+------------------+----------------+


